(car a)=(1:(b&4):(b c d & 0-b-c):(b c & b):0 a)
(cdr a)=(1:(b&b):(b c d & d):(b c & c):0 a)
_=(%[4=4 k4=(a&4) =car =cdr tags=[%car %cdr]])

_hash=X'7c9e8aafd5617d678928e9c652e8780f1d6dc481becb66fb8a336cb6b313b48e'

